[    0.000000] Initializing cgroup subsys cpuset
[    0.000000] Initializing cgroup subsys cpu
[    0.000000] Initializing cgroup subsys cpuacct
[    0.000000] Linux version 4.4.0-141-generic (buildd@lcy01-amd64-027) (gcc version 5.4.0 20160609 (Ubuntu 5.4.0-6ubuntu1~16.04.10) ) #167-Ubuntu SMP Wed Dec 5 10:38:08 UTC 2018 (Ubuntu 4.4.0-141.167-generic 4.4.162)
[    0.000000] KERNEL supported cpus:
[    0.000000]   Intel GenuineIntel
[    0.000000]   AMD AuthenticAMD
[    0.000000]   NSC Geode by NSC
[    0.000000]   Cyrix CyrixInstead
[    0.000000]   Centaur CentaurHauls
[    0.000000]   Transmeta GenuineTMx86
[    0.000000]   Transmeta TransmetaCPU
[    0.000000]   UMC UMC UMC UMC
[    0.000000] x86/fpu: xstate_offset[2]:  576, xstate_sizes[2]:  256
[    0.000000] x86/fpu: Supporting XSAVE feature 0x01: 'x87 floating point registers'
[    0.000000] x86/fpu: Supporting XSAVE feature 0x02: 'SSE registers'
[    0.000000] x86/fpu: Supporting  SAVE feature 0x04: 'AVX registers'
[    0.000000] x86/fpu: Enabled xstate features 0x7, context size is 832 bytes, using 'standard' format.
[    0.000000] e820: BIOS-provided physical RAM map:
[    0.000000] BIOS-e820: [mem 0x0000000000000000-0x000000000009fbff] usable
[    0.000000] BIOS-e820: [mem 0x000000000009fc00-0x000000000009ffff] reserved
[    0.000000] BIOS-e820: [mem 0x00000000000f0000-0x00000000000fffff] reserved
[    0.000000] BIOS-e820: [mem 0x0000000000100000-0x000000003ffeffff] usable
[    0.000000] BIOS-e820: [mem 0x000000003fff0000-0x000000003fffffff] ACPI data
[    0.000000] BIOS-e820: [mem 0x00000000fec00000-0x00000000fec00fff] reserved
[    0.000000] BIOS-e820: [mem 0x00000000fee00000-0x00000000fee00fff] reserved
[    0.000000] BIOS-e820: [mem 0x00000000fffc0000-0x00000000ffffffff] reserved
[    0.000000] NX (Execute Disable) protection: active
[    0.000000] SMBIOS 2.5 present.
[    0.000000] Hypervisor detected: KVM
[    0.000000] e820: last_pfn = 0x3fff0 max_arch_pfn = 0x1000000
[    0.000000] MTRR: Disabled
[    0.000000] x86/PAT: MTRRs disabled, skipping PAT initialization too.
[    0.000000] CPU MTRRs all blank - virtualized system.
[    0.000000] x86/PAT: Configuration [0-7]: WB  WT  UC- UC  WB  WT  UC- UC  
[    0.000000] found SMP MP-table at [mem 0x0009fff0-0x0009ffff] mapped at [c009fff0]
[    0.000000] Scanning 1 areas for low memory corruption
[    0.000000] RAMDISK: [mem 0x36318000-0x37183fff]
[    0.000000] ACPI: Early table checksum verification disabled
[    0.000000] ACPI: RSDP 0x00000000000E0000 000024 (v02 VBOX  )
[    0.000000] ACPI: XSDT 0x000000003FFF0030 00003C (v01 VBOX   VBOXXSDT 00000001 ASL  00000061)
[    0.000000] ACPI: FACP 0x000000003FFF00F0 0000F4 (v04 VBOX   VBOXFACP 00000001 ASL  00000061)
[    0.000000] ACPI: DSDT 0x000000003FFF0470 0021FF (v02 VBOX   VBOXBIOS 00000002 INTL 20100528)
[    0.000000] ACPI: FACS 0x000000003FFF0200 000040
[    0.000000] ACPI: FACS 0x000000003FFF0200 000040
[    0.000000] ACPI: APIC 0x000000003FFF0240 000054 (v02 VBOX   VBOXAPIC 00000001 ASL  00000061)
[    0.000000] ACPI: SSDT 0x000000003FFF02A0 0001CC (v01 VBOX   VBOXCPUT 00000002 INTL 20100528)
[    0.000000] 131MB HIGHMEM available.
[    0.000000] 891MB LOWMEM available.
[    0.000000]   mapped low ram: 0 - 37bfe000
[    0.000000]   low ram: 0 - 37bfe000
[    0.000000] kvm-clock: Using msrs 4b564d01 and 4b564d00
[    0.000000] kvm-clock: cpu 0, msr 0:37bfd001, primary cpu clock
[    0.000000] kvm-clock: using sched offset of 3204482222 cycles
[    0.000000] clocksource: kvm-clock: mask: 0xffffffffffffffff max_cycles: 0x1cd42e4dffb, max_idle_ns: 881590591483 ns
[    0.000000] Zone ranges:
[    0.000000]   DMA      [mem 0x0000000000001000-0x0000000000ffffff]
[    0.000000]   Normal   [mem 0x0000000001000000-0x0000000037bfdfff]
[    0.000000]   HighMem  [mem 0x0000000037bfe000-0x000000003ffeffff]
[    0.000000] Movable zone start for each node
[    0.000000] Early memory node ranges
[    0.000000]   node   0: [mem 0x0000000000001000-0x000000000009efff]
[    0.000000]   node   0: [mem 0x0000000000100000-0x000000003ffeffff]
[    0.000000] Initmem setup node 0 [mem 0x0000000000001000-0x000000003ffeffff]
[    0.000000] Using APIC driver default
[    0.000000] ACPI: PM-Timer IO Port: 0x4008
[    0.000000] IOAPIC[0]: apic_id 1, version 32, address 0xfec00000, GSI 0-23
[    0.000000] ACPI: INT_SRC_OVR (bus 0 bus_irq 0 global_irq 2 dfl dfl)
[    0.000000] ACPI: INT_SRC_OVR (bus 0 bus_irq 9 global_irq 9 low level)
[    0.000000] Using ACPI (MADT) for SMP configuration information
[    0.000000] smpboot: Allowing 1 CPUs, 0 hotplug CPUs
[    0.000000] PM: Registered nosave memory: [mem 0x00000000-0x00000fff]
[    0.000000] PM: Registered nosave memory: [mem 0x0009f000-0x0009ffff]
[    0.000000] PM: Registered nosave memory: [mem 0x000a0000-0x000effff]
[    0.000000] PM: Registered nosave memory: [mem 0x000f0000-0x000fffff]
[    0.000000] e820: [mem 0x40000000-0xfebfffff] available for PCI devices
[    0.000000] Booting paravirtualized kernel on KVM
[    0.000000] clocksource: refined-jiffies: mask: 0xffffffff max_cycles: 0xffffffff, max_idle_ns: 7645519600211568 ns
[    0.000000] setup_percpu: NR_CPUS:8 nr_cpumask_bits:8 nr_cpu_ids:1 nr_node_ids:1
[    0.000000] PERCPU: Embedded 19 pages/cpu @f71c3000 s47436 r0 d30388 u77824
[    0.000000] PV qspinlock hash table entries: 512 (order: 0, 4096 bytes)
[    0.000000] Built 1 zonelists in Zone order, mobility grouping on.  Total pages: 259800
[    0.000000] Kernel command line: BOOT_IMAGE=/boot/vmlinuz-4.4.0-141-generic root=UUID=929138f2-c798-4813-986a-d20e3bb97623 ro console=tty1 console=ttyS0
[    0.000000] PID hash table entries: 4096 (order: 2, 16384 bytes)
[    0.000000] Dentry cache hash table entries: 131072 (order: 7, 524288 bytes)
[    0.000000] Inode-cache hash table entries: 65536 (order: 6, 262144 bytes)
[    0.000000] Initializing CPU#0
[    0.000000] Initializing HighMem for node 0 (00037bfe:0003fff0)
[    0.000000] Initializing Movable for node 0 (00000000:00000000)
[    0.000000] Memory: 1008112K/1048120K available (8052K kernel code, 778K rwdata, 3180K rodata, 952K init, 800K bss, 40008K reserved, 0K cma-reserved, 135112K highmem)
[    0.000000] virtual kernel memory layout:
[    0.000000]     fixmap  : 0xfff15000 - 0xfffff000   ( 936 kB)
[    0.000000]     pkmap   : 0xffc00000 - 0xffe00000   (2048 kB)
[    0.000000]     vmalloc : 0xf83fe000 - 0xffbfe000   ( 120 MB)
[    0.000000]     lowmem  : 0xc0000000 - 0xf7bfe000   ( 891 MB)
[    0.000000]       .init : 0xc1bbe000 - 0xc1cac000   ( 952 kB)
[    0.000000]       .data : 0xc17dd3c4 - 0xc1bbc9c0   (3965 kB)
[    0.000000]       .text : 0xc1000000 - 0xc17dd3c4   (8052 kB)
[    0.000000] Checking if this processor honours the WP bit even in supervisor mode...Ok.
[    0.000000] SLUB: HWalign=64, Order=0-3, MinObjects=0, CPUs=1, Nodes=1
[    0.000000] Hierarchical RCU implementation.
[    0.000000] 	Build-time adjustment of leaf fanout to 32.
[    0.000000] 	RCU restricting CPUs from NR_CPUS=8 to nr_cpu_ids=1.
[    0.000000] RCU: Adjusting geometry for rcu_fanout_leaf=32, nr_cpu_ids=1
[    0.000000] NR_IRQS:2304 nr_irqs:256 16
[    0.000000] Console: colour VGA+ 80x25
[    0.000000] console [tty1] enabled
[    0.000000] console [ttyS0] enabled
[    0.000000] allocated 1048576 bytes of page_ext
[    0.000000] tsc: Detected 2808.000 MHz processor
[    2.133189] Calibrating delay loop (skipped) preset value.. 5616.00 BogoMIPS (lpj=11232000)
[    2.134617] pid_max: default: 32768 minimum: 301
[    2.202677] ACPI: Core revision 20150930
[    2.251575] ACPI: 2 ACPI AML tables successfully acquired and loaded
[    2.271661] Security Framework initialized
[    2.341049] Yama: becoming mindful.
[    2.376907] AppArmor: AppArmor initialized
[    2.377626] Mount-cache hash table entries: 2048 (order: 1, 8192 bytes)
[    2.455476] Mountpoint-cache hash table entries: 2048 (order: 1, 8192 bytes)
[    2.500031] Initializing cgroup subsys io
[    2.500699] Initializing cgroup subsys memory
[    2.501379] Initializing cgroup subsys devices
[    2.502069] Initializing cgroup subsys freezer
[    2.506525] Initializing cgroup subsys net_cls
[    2.604901] Initializing cgroup subsys perf_event
[    2.618060] Initializing cgroup subsys net_prio
[    2.630683] Initializing cgroup subsys hugetlb
[    2.646269] Initializing cgroup subsys pids
[    2.654780] mce: CPU supports 0 MCE banks
[    2.669150] process: using mwait in idle threads
[    2.670154] Last level iTLB entries: 4KB 64, 2MB 8, 4MB 8
[    2.671243] Last level dTLB entries: 4KB 64, 2MB 0, 4MB 0, 1GB 4
[    2.699064] Spectre V2 : Mitigation: Full generic retpoline
[    2.723902] Spectre V2 : Spectre v2 mitigation: Speculation control IBPB not-supported IBRS not-supported
[    2.755565] Spectre V2 : Spectre v2 / SpectreRSB mitigation: Filling RSB on context switch
[    2.787145] Speculative Store Bypass: Vulnerable
[    2.808978] Freeing SMP alternatives memory: 32K
[    2.823866] ftrace: allocating 31566 entries in 62 pages
[    3.018390] smpboot: APIC(0) Converting physical 0 to logical package 0
[    3.109079] smpboot: Max logical packages: 1
[    3.189657] Enabling APIC mode:  Flat.  Using 1 I/O APICs
[    3.219733] ..TIMER: vector=0x30 apic1=0 pin1=2 apic2=-1 pin2=-1
[    3.328840] smpboot: CPU0: Intel(R) Core(TM) i7-7700HQ CPU @ 2.80GHz (family: 0x6, model: 0x9e, stepping: 0x9)
[    3.579941] Performance Events: unsupported p6 CPU model 158 no PMU driver, software events only.
[    3.787210] KVM setup paravirtual spinlock
[    3.846392] x86: Booted up 1 node, 1 CPUs
[    3.854964] smpboot: Total of 1 processors activated (5616.00 BogoMIPS)
[    3.863841] devtmpfs: initialized
[    3.866588] evm: security.selinux
[    3.883712] evm: security.SMACK64
[    3.894214] evm: security.SMACK64EXEC
[    3.903529] evm: security.SMACK64TRANSMUTE
[    3.917833] evm: security.SMACK64MMAP
[    3.929212] evm: security.ima
[    3.939084] evm: security.capability
[    3.958572] clocksource: jiffies: mask: 0xffffffff max_cycles: 0xffffffff, max_idle_ns: 7645041785100000 ns
[    3.976231] futex hash table entries: 256 (order: 2, 16384 bytes)
[    3.987923] pinctrl core: initialized pinctrl subsystem
[    3.996459] RTC time:  9:22:32, date: 01/06/19
[    4.007040] NET: Registered protocol family 16
[    4.018949] EISA bus registered
[    4.025150] cpuidle: using governor ladder
[    4.041861] cpuidle: using governor menu
[    4.049171] PCCT header not found.
[    4.052552] ACPI: bus type PCI registered
[    4.054969] acpiphp: ACPI Hot Plug PCI Controller Driver version: 0.5
[    4.060950] PCI : PCI BIOS area is rw and x. Use pci=nobios if you want it NX.
[    4.068995] PCI: PCI BIOS revision 2.10 entry at 0xfda26, last bus=0
[    4.084554] PCI: Using configuration type 1 for base access
[    4.112828] ACPI: Added _OSI(Module Device)
[    4.130870] ACPI: Added _OSI(Processor Device)
[    4.153927] ACPI: Added _OSI(3.0 _SCP Extensions)
[    4.185649] ACPI: Added _OSI(Processor Aggregator Device)
[    4.205312] ACPI: Executed 1 blocks of module-level executable AML code
[    4.214309] ACPI: Interpreter enabled
[    4.228213] ACPI: (supports S0 S5)
[    4.238942] ACPI: Using IOAPIC for interrupt routing
[    4.252856] PCI: Using host bridge windows from ACPI; if necessary, use "pci=nocrs" and report a bug
[    4.275280] ACPI: PCI Root Bridge [PCI0] (domain 0000 [bus 00-ff])
[    4.282478] acpi PNP0A03:00: _OSC: OS supports [ASPM ClockPM Segments MSI]
[    4.300098] acpi PNP0A03:00: _OSC: not requesting OS control; OS requires [ExtendedConfig ASPM ClockPM MSI]
[    4.325537] acpi PNP0A03:00: fail to add MMCONFIG information, can't access extended PCI configuration space under this bridge.
[    4.345220] PCI host bridge to bus 0000:00
[    4.355603] pci_bus 0000:00: root bus resource [io  0x0000-0x0cf7 window]
[    4.367354] pci_bus 0000:00: root bus resource [io  0x0d00-0xffff window]
[    4.377310] pci_bus 0000:00: root bus resource [mem 0x000a0000-0x000bffff window]
[    4.400205] pci_bus 0000:00: root bus resource [mem 0x40000000-0xfdffffff window]
[    4.412159] pci_bus 0000:00: root bus resource [bus 00-ff]
[    4.432939] pci 0000:00:01.1: legacy IDE quirk: reg 0x10: [io  0x01f0-0x01f7]
[    4.448163] pci 0000:00:01.1: legacy IDE quirk: reg 0x14: [io  0x03f6]
[    4.471650] pci 0000:00:01.1: legacy IDE quirk: reg 0x18: [io  0x0170-0x0177]
[    4.472657] pci 0000:00:01.1: legacy IDE quirk: reg 0x1c: [io  0x0376]
[    4.509732] pci 0000:00:07.0: quirk: [io  0x4000-0x403f] claimed by PIIX4 ACPI
[    4.542867] pci 0000:00:07.0: quirk: [io  0x4100-0x410f] claimed by PIIX4 SMB
[    4.571587] ACPI: PCI Interrupt Link [LNKA] (IRQs 5 9 10 *11)
[    4.601567] ACPI: PCI Interrupt Link [LNKB] (IRQs 5 9 *10 11)
[    4.631911] ACPI: PCI Interrupt Link [LNKC] (IRQs 5 *9 10 11)
[    4.648089] ACPI: PCI Interrupt Link [LNKD] (IRQs 5 9 10 *11)
[    4.658085] ACPI: Enabled 2 GPEs in block 00 to 07
[    4.667560] vgaarb: setting as boot device: PCI:0000:00:02.0
[    4.691252] vgaarb: device added: PCI:0000:00:02.0,decodes=io+mem,owns=io+mem,locks=none
[    4.714371] vgaarb: loaded
[    4.728454] vgaarb: bridge control possible 0000:00:02.0
[    4.735119] SCSI subsystem initialized
[    4.756249] ACPI: bus type USB registered
[    4.768098] usbcore: registered new interface driver usbfs
[    4.794743] usbcore: registered new interface driver hub
[    4.810154] usbcore: registered new device driver usb
[    4.825982] PCI: Using ACPI for IRQ routing
[    4.845129] NetLabel: Initializing
[    4.862241] NetLabel:  domain hash size = 128
[    4.869276] NetLabel:  protocols = UNLABELED CIPSOv4
[    4.885771] NetLabel:  unlabeled traffic allowed by default
[    4.894438] amd_nb: Cannot enumerate AMD northbridges
[    4.914804] clocksource: Switched to clocksource kvm-clock
[    4.929332] AppArmor: AppArmor Filesystem Enabled
[    4.950301] pnp: PnP ACPI init
[    4.956048] pnp: PnP ACPI: found 3 devices
[    4.967413] PnPBIOS: Disabled by ACPI PNP
[    5.024153] clocksource: acpi_pm: mask: 0xffffff max_cycles: 0xffffff, max_idle_ns: 2085701024 ns
[    5.070766] NET: Registered protocol family 2
[    5.087634] TCP established hash table entries: 8192 (order: 3, 32768 bytes)
[    5.134763] TCP bind hash table entries: 8192 (order: 4, 65536 bytes)
[    5.168894] TCP: Hash tables configured (established 8192 bind 8192)
[    5.211408] UDP hash table entries: 512 (order: 2, 16384 bytes)
[    5.216881] UDP-Lite hash table entries: 512 (order: 2, 16384 bytes)
[    5.253679] NET: Registered protocol family 1
[    5.263093] pci 0000:00:00.0: Limiting direct PCI/PCI transfers
[    5.304200] pci 0000:00:01.0: Activating ISA DMA hang workarounds
[    5.337198] Unpacking initramfs...
[    5.616260] Freeing initrd memory: 14768K
[    5.647009] platform rtc_cmos: registered platform RTC device (no PNP device found)
[    5.669623] Scanning for low memory corruption every 60 seconds
[    5.708217] audit: initializing netlink subsys (disabled)
[    5.729286] audit: type=2000 audit(1546766554.535:1): initialized
[    5.769173] Initialise system trusted keyring
[    5.777643] HugeTLB registered 2 MB page size, pre-allocated 0 pages
[    5.796349] zbud: loaded
[    5.802555] VFS: Disk quotas dquot_6.6.0
[    5.831870] VFS: Dquot-cache hash table entries: 1024 (order 0, 4096 bytes)
[    5.849888] squashfs: version 4.0 (2009/01/31) Phillip Lougher
[    5.881679] fuse init (API version 7.23)
[    5.902746] Key type big_key registered
[    5.936660] Allocating IMA MOK and blacklist keyrings.
[    5.939080] Key type asymmetric registered
[    5.956456] Asymmetric key parser 'x509' registered
[    5.957221] bounce: pool size: 64 pages
[    5.957856] Block layer SCSI generic (bsg) driver version 0.4 loaded (major 249)
[    5.959105] io scheduler noop registered
[    5.959791] io scheduler deadline registered (default)
[    5.960588] io scheduler cfq registered
[    5.961272] pci_hotplug: PCI Hot Plug PCI Core version: 0.5
[    5.962121] pciehp: PCI Express Hot Plug Controller Driver version: 0.4
[    5.963229] ACPI: AC Adapter [AC] (on-line)
[    5.991282] input: Power Button as /devices/LNXSYSTM:00/LNXPWRBN:00/input/input0
[    6.017271] ACPI: Power Button [PWRF]
[    6.050616] input: Sleep Button as /devices/LNXSYSTM:00/LNXSLPBN:00/input/input1
[    6.097244] ACPI: Sleep Button [SLPF]
[    6.098502] ACPI: Battery Slot [BAT0] (battery present)
[    6.118699] GHES: HEST is not enabled!
[    6.126322] Serial: 8250/16550 driver, 32 ports, IRQ sharing enabled
[    6.148997] 00:02: ttyS0 at I/O 0x3f8 (irq = 4, base_baud = 115200) is a 16550A
[    6.170229] isapnp: Scanning for PnP cards...
[    6.221398] Linux agpgart interface v0.103
[    6.292954] loop: module loaded
[    6.353909] scsi host0: ata_piix
[    6.362266] scsi host1: ata_piix
[    6.362994] ata1: PATA max UDMA/33 cmd 0x1f0 ctl 0x3f6 bmdma 0xd000 irq 14
[    6.376577] ata2: PATA max UDMA/33 cmd 0x170 ctl 0x376 bmdma 0xd008 irq 15
[    6.472491] libphy: Fixed MDIO Bus: probed
[    6.473613] tun: Universal TUN/TAP device driver, 1.6
[    6.504481] tun: (C) 1999-2004 Max Krasnyansky <maxk@qualcomm.com>
[    6.563309] PPP generic driver version 2.4.2
[    6.681796] tsc: Refined TSC clocksource calibration: 2809.905 MHz
[    6.807369] clocksource: tsc: mask: 0xffffffffffffffff max_cycles: 0x2880cdd40df, max_idle_ns: 440795278351 ns
[    7.120111] ehci_hcd: USB 2.0 'Enhanced' Host Controller (EHCI) Driver
[    7.323044] isapnp: No Plug & Play device found
[    7.431030] ehci-pci: EHCI PCI platform driver
[    7.533261] ehci-platform: EHCI generic platform driver
[    7.563973] ohci_hcd: USB 1.1 'Open' Host Controller (OHCI) Driver
[    7.572271] ohci-pci: OHCI PCI platform driver
[    7.572970] ohci-platform: OHCI generic platform driver
[    7.576707] uhci_hcd: USB Universal Host Controller Interface driver
[    7.577601] i8042: PNP: PS/2 Controller [PNP0303:PS2K,PNP0f03:PS2M] at 0x60,0x64 irq 1,12
[    7.579314] serio: i8042 KBD port at 0x60,0x64 irq 1
[    7.705795] serio: i8042 AUX port at 0x60,0x64 irq 12
[    7.803561] mousedev: PS/2 mouse device common for all mice
[    7.880190] input: AT Translated Set 2 keyboard as /devices/platform/i8042/serio0/input/input2
[    7.908777] rtc_cmos rtc_cmos: rtc core: registered rtc_cmos as rtc0
[    7.939565] rtc_cmos rtc_cmos: alarms up to one day, 114 bytes nvram
[    7.959643] i2c /dev entries driver
[    7.974610] device-mapper: uevent: version 1.0.3
[    7.995502] device-mapper: ioctl: 4.34.0-ioctl (2015-10-28) initialised: dm-devel@redhat.com
[    8.092454] platform eisa.0: Probing EISA bus 0
[    8.200287] platform eisa.0: EISA: Cannot allocate resource for mainboard
[    8.234554] platform eisa.0: Cannot allocate resource for EISA slot 1
[    8.264142] platform eisa.0: Cannot allocate resource for EISA slot 2
[    8.278748] platform eisa.0: Cannot allocate resource for EISA slot 3
[    8.305033] platform eisa.0: Cannot allocate resource for EISA slot 4
[    8.310361] platform eisa.0: Cannot allocate resource for EISA slot 5
[    8.337704] platform eisa.0: Cannot allocate resource for EISA slot 6
[    8.339679] platform eisa.0: Cannot allocate resource for EISA slot 7
[    8.340601] platform eisa.0: Cannot allocate resource for EISA slot 8
[    8.350947] platform eisa.0: EISA: Detected 0 cards
[    8.351702] cpufreq-nforce2: No nForce2 chipset.
[    8.354416] ledtrig-cpu: registered to indicate activity on CPUs
[    8.355477] NET: Registered protocol family 10
[    8.356289] NET: Registered protocol family 17
[    8.357007] Key type dns_resolver registered
[    8.357873] Using IPI No-Shortcut mode
[    8.358532] registered taskstats version 1
[    8.359206] Loading compiled-in X.509 certificates
[    8.361528] Loaded X.509 cert 'Build time autogenerated kernel key: 8ee7231a1e42e4b4a17d0e4b95c66ffe15d3b32e'
[    8.362990] zswap: loaded using pool lzo/zbud
[    8.364677] Key type trusted registered
[    8.366974] Key type encrypted registered
[    8.367678] AppArmor: AppArmor sha1 policy hashing enabled
[    8.368501] ima: No TPM chip found, activating TPM-bypass!
[    8.369255] ima: Allocated hash algorithm: sha1
[    8.398876] evm: HMAC attrs: 0x1
[    8.479696]   Magic number: 3:195:373
[    8.581659] vc vcsa1: hash matches
[    8.588928] rtc_cmos rtc_cmos: setting system clock to 2019-01-06 09:22:36 UTC (1546766556)
[    8.640729] BIOS EDD facility v0.16 2004-Jun-25, 0 devices found
[    8.643760] EDD information not available.
[    8.650782] Freeing unused kernel memory: 952K
[    8.663257] Write protecting the kernel text: 8056k
[    8.667671] Write protecting the kernel read-only data: 3184k
[    8.682275] NX-protecting the kernel data: 6280k
Loading, please wait...
[    8.697869] random: udevadm: uninitialized urandom read (16 bytes read, 6 bits of entropy available)
starting version[    8.745787] random: systemd-udevd: uninitialized urandom read (16 bytes read, 6 bits of entropy available)
 229
[    8.761283] random: systemd-udevd: uninitialized urandom read (16 bytes read, 6 bits of entropy available)
[    8.766334] random: systemd-udevd: uninitialized urandom read (16 bytes read, 6 bits of entropy available)
[    8.881731] random: udevadm: uninitialized urandom read (16 bytes read, 6 bits of entropy available)
[    9.010527] random: udevadm: uninitialized urandom read (16 bytes read, 6 bits of entropy available)
[    9.197422] random: udevadm: uninitialized urandom read (16 bytes read, 6 bits of entropy available)
[    9.249261] random: udevadm: uninitialized urandom read (16 bytes read, 6 bits of entropy available)
[    9.284920] random: udevadm: uninitialized urandom read (16 bytes read, 6 bits of entropy available)
[    9.330113] random: udevadm: uninitialized urandom read (16 bytes read, 6 bits of entropy available)
[    9.379592] e1000: Intel(R) PRO/1000 Network Driver - version 7.3.21-k8-NAPI
[    9.607010] e1000: Copyright (c) 1999-2006 Intel Corporation.
[    9.691297] Fusion MPT base driver 3.04.20
[    9.812233] Copyright (c) 1999-2008 LSI Corporation
[    9.905548] Fusion MPT SPI Host driver 3.04.20
[    9.922411] mptbase: ioc0: Initiating bringup
[   10.015082] ioc0: LSI53C1030 A0: Capabilities={Initiator}
[   10.159067] input: ImExPS/2 Generic Explorer Mouse as /devices/platform/i8042/serio1/input/input4
[   10.548411] scsi host2: ioc0: LSI53C1030 A0, FwRev=00000000h, Ports=1, MaxQ=256, IRQ=20
[   10.772088] scsi 2:0:0:0: Direct-Access     VBOX     HARDDISK         1.0  PQ: 0 ANSI: 5
[   10.804377] scsi target2:0:0: Beginning Domain Validation
[   10.881275] scsi target2:0:0: Domain Validation skipping write tests
[   11.015447] scsi target2:0:0: Ending Domain Validation
[   11.344864] scsi target2:0:0: asynchronous
[   11.459788] scsi 2:0:1:0: Direct-Access     VBOX     HARDDISK         1.0  PQ: 0 ANSI: 5
[   11.590958] scsi target2:0:1: Beginning Domain Validation
[   11.622834] e1000 0000:00:03.0 eth0: (PCI:33MHz:32-bit) 02:44:d1:47:4b:d5
[   11.657834] e1000 0000:00:03.0 eth0: Intel(R) PRO/1000 Network Connection
[   11.676370] scsi target2:0:1: Domain Validation skipping write tests
[   11.704326] scsi target2:0:1: Ending Domain Validation
[   11.761758] scsi target2:0:1: asynchronous
[   11.809980] sd 2:0:0:0: Attached scsi generic sg0 type 0
[   11.958246] sd 2:0:0:0: [sda] 20971520 512-byte logical blocks: (10.7 GB/10.0 GiB)
[   12.174539] sd 2:0:0:0: [sda] Write Protect is off
[   12.278665] sd 2:0:1:0: Attached scsi generic sg1 type 0
[   12.332485] sd 2:0:1:0: [sdb] 20480 512-byte logical blocks: (10.5 MB/10.0 MiB)
[   12.497612] sd 2:0:0:0: [sda] Incomplete mode parameter data
[   12.602523] sd 2:0:0:0: [sda] Assuming drive cache: write through
[   12.772988] sd 2:0:1:0: [sdb] Write Protect is off
[   12.787957] sd 2:0:1:0: [sdb] Incomplete mode parameter data
[   12.788880] sd 2:0:1:0: [sdb] Assuming drive cache: write through
[   12.840699]  sda: sda1
[   12.862571] e1000 0000:00:08.0 eth1: (PCI:33MHz:32-bit) 08:00:27:39:d3:7d
[   12.903861] e1000 0000:00:08.0 eth1: Intel(R) PRO/1000 Network Connection
[   12.911689] sd 2:0:0:0: [sda] Attached SCSI disk
[   12.913598] e1000 0000:00:08.0 enp0s8: renamed from eth1
[   12.991520] sd 2:0:1:0: [sdb] Attached SCSI disk
[   13.051908] e1000 0000:00:03.0 enp0s3: renamed from eth0
Begin: Loading e[   14.361130] md: linear personality registered for level -1
ssential drivers[   14.517397] md: multipath personality registered for level -4
 ... [   14.676645] md: raid0 personality registered for level 0
[   14.779206] md: raid1 personality registered for level 1
[   14.995314] raid6: mmxx1    gen()  5973 MB/s
[   15.154971] raid6: mmxx2    gen()  6599 MB/s
[   15.335045] raid6: sse1x1   gen()  5916 MB/s
[   15.495245] raid6: sse1x2   gen()  6723 MB/s
[   15.679236] raid6: sse2x1   gen() 11940 MB/s
[   15.883106] raid6: sse2x1   xor()  8640 MB/s
[   16.086976] raid6: sse2x2   gen() 13264 MB/s
[   16.203023] raid6: sse2x2   xor()  9853 MB/s
[   16.410850] raid6: avx2x1   gen() 23709 MB/s
[   16.598859] raid6: avx2x2   gen() 24872 MB/s
[   16.732609] raid6: using algorithm avx2x2 gen() 24872 MB/s
[   16.910740] raid6: using avx2x1 recovery algorithm
[   17.059177] xor: automatically using best checksumming function:
[   17.150863]    avx       : 25533.000 MB/sec
[   17.267362] async_tx: api initialized (async)
[   17.403511] md: raid6 personality registered for level 6
[   17.495118] md: raid5 personality registered for level 5
[   17.496001] md: raid4 personality registered for level 4
[   17.667111] md: raid10 personality registered for level 10
done.
Begin: Running /scripts/init-premount ... done[   17.878680] Btrfs loaded
.
Begin: Mounting root file sys[   18.007860] EXT4-fs (sda1): mounted filesystem with ordered data mode. Opts: (null)
tem ... Begin: Running /scripts/local-top ... done.
Begin: Running /scripts/local-premount ... Scanning for Btrfs filesystems
done.
Warning: fsck not present, so skipping root file system
done.
Begin: Running /scripts/local-bottom ... done.
Begin: Running /scripts/init-bottom ... done.
[   18.448600] systemd[1]: systemd 229 running in system mode. (+PAM +AUDIT +SELINUX +IMA +APPARMOR +SMACK +SYSVINIT +UTMP +LIBCRYPTSETUP +GCRYPT +GNUTLS +ACL +XZ -LZ4 +SECCOMP +BLKID +ELFUTILS +KMOD -IDN)
[   18.655759] systemd[1]: Detected virtualization oracle.
[   18.671456] systemd[1]: Detected architecture x86.

Welcome to [1mUbuntu 16.04.5 LTS[0m!

[   18.799870] systemd[1]: Set hostname to <kouosl>.
[   18.867956] random: nonblocking pool is initialized
[   18.959338] systemd[1]: Listening on udev Kernel Socket.
[[0;32m  OK  [0m] Listening on udev Kernel Socket.
[   19.082921] systemd[1]: Reached target Swap.
[[0;32m  OK  [0m] Reached target Swap.
[   19.211332] systemd[1]: Listening on Syslog Socket.
[[0;32m  OK  [0m] Listening on Syslog Socket.
[   19.355075] systemd[1]: Reached target Encrypted Volumes.
[[0;32m  OK  [0m] Reached target Encrypted Volumes.
[   19.527177] systemd[1]: Created slice User and Session Slice.
[[0;32m  OK  [0m] Created slice User and Session Slice.
[   19.743279] systemd[1]: Started Forward Password Requests to Wall Directory Watch.
[[0;32m  OK  [0m] Started Forward Password Requests to Wall Directory Watch.
[   19.843144] systemd[1]: Listening on LVM2 poll daemon socket.
[[0;32m  OK  [0m] Listening on LVM2 poll daemon socket.
[   19.908202] systemd[1]: Listening on udev Control Socket.
[[0;32m  OK  [0m] Listening on udev Control Socket.
[   19.955232] systemd[1]: Started Trigger resolvconf update for networkd DNS.
[[0;32m  OK  [0m] Started Trigger resolvconf update for networkd DNS.
[   20.203040] systemd[1]: Listening on Journal Socket.
[[0;32m  OK  [0m] Listening on Journal Socket.
[   20.261760] systemd[1]: Listening on Journal Audit Socket.
[[0;32m  OK  [0m] Listening on Journal Audit Socket.
[   20.359234] systemd[1]: Set up automount Arbitrary Executable File Formats File System Automount Point.
[[0;32m  OK  [0m] Set up automount Arbitrary Executab...ats File System Automount Point.
[   20.675077] systemd[1]: Listening on Device-mapper event daemon FIFOs.
[[0;32m  OK  [0m] Listening on Device-mapper event daemon FIFOs.
[   20.955507] systemd[1]: Created slice System Slice.
[[0;32m  OK  [0m] Created slice System Slice.
[   21.127807] systemd[1]: Starting Nameserver information manager...
         Starting Nameserver information manager...
[   21.335357] systemd[1]: Created slice system-serial\x2dgetty.slice.
[[0;32m  OK  [0m] Created slice system-serial\x2dgetty.slice.
[   21.547404] systemd[1]: Starting Load Kernel Modules...
         [   21.721918] Loading iSCSI transport class v2.0-870.
Starting Load Ke[   21.875554] iscsi: registered transport (tcp)
rnel Modules...
[   22.025420] systemd[1]: Starting Set console keymap...
         Starting Set console keymap...
[   22.200543] iscsi: registered transport (iser)
[   22.349527] systemd[1]: Mounting POSIX Message Queue File System...
         Mounting POSIX Message Queue File System...
[   22.438968] systemd[1]: Reached target Slices.
[[0;32m  OK  [0m] Reached target Slices.
[   22.619677] systemd[1]: Starting Uncomplicated firewall...
         Starting Uncomplicated firewall...
[   22.815572] systemd[1]: Starting Remount Root and Kernel File Systems...
         [   22.997776] EXT4-fs (sda1): re-mounted. Opts: (null)
Starting Remount Root and Kernel File Systems...
[   23.211062] systemd[1]: Listening on /dev/initctl Compatibility Named Pipe.
[[0;32m  OK  [0m] Listening on /dev/initctl Compatibility Named Pipe.
[   23.475205] systemd[1]: Listening on LVM2 metadata daemon socket.
[[0;32m  OK  [0m] Listening on LVM2 metadata daemon socket.
[   23.723661] systemd[1]: Starting Monitoring of LVM2 mirrors, snapshots etc. using dmeventd or progress polling...
         Starting Monitoring of LVM2 mirrors... dmeventd or progress polling...
[   24.151478] systemd[1]: Listening on Journal Socket (/dev/log).
[[0;32m  OK  [0m] Listening on Journal Socket (/dev/log).
[   24.391761] systemd[1]: Starting Journal Service...
         Starting Journal Service...
[   24.483481] systemd[1]: Mounting Huge Pages File System...
         Mounting Huge Pages File System...
[   24.551906] systemd[1]: Starting Create list of required static device nodes for the current kernel...
         Starting Create list of required st... nodes for the current kernel...
[   24.931418] systemd[1]: Reached target System Time Synchronized.
[[0;32m  OK  [0m] Reached target System Time Synchronized.
[   25.179303] systemd[1]: Reached target User and Group Name Lookups.
[[0;32m  OK  [0m] Reached target User and Group Name Lookups.
[   25.423739] systemd[1]: Mounting Debug File System...
         Mounting Debug File System...
[   25.567980] systemd[1]: Mounted Debug File System.
[[0;32m  OK  [0m] Mounted Debug File System.
[   25.774984] systemd[1]: Mounted Huge Pages File System.
[[0;32m  OK  [0m] Mounted Huge Pages File System.
[   25.975448] systemd[1]: Mounted POSIX Message Queue File System.
[[0;32m  OK  [0m] Mounted POSIX Message Queue File System.
[   26.219066] systemd[1]: Started Journal Service.
[[0;32m  OK  [0m] Started Journal Service.
[[0;32m  OK  [0m] Started Load Kernel Modules.
[[0;32m  OK  [0m] Started Set console keymap.
[[0;32m  OK  [0m] Started Uncomplicated firewall.
[[0;32m  OK  [0m] Started Remount Root and Kernel File Systems.
[[0;32m  OK  [0m] Started Create list of required sta...ce nodes for the current kernel.
[[0;32m  OK  [0m] Started Nameserver information manager.
[[0;32m  OK  [0m] Started LVM2 metadata daemon.
         Starting Create Static Device Nodes in /dev...
         Starting Load/Save Random Seed...
         Starting udev Coldplug all Devices...
         Mounting FUSE Control File System...
         Starting Apply Kernel Variables...
         Starting Flush Journal to Persistent Storage...
[[0;32m  OK  [0m] Mounted FUSE Control File System.
[[0;32m  OK  [0m] Started Create Static Device Nodes in /dev.
[[0;32m  OK  [0m] Started Load/Save Random Seed.
[[0;32m  OK  [0m] Started Monitoring of LVM2 mirrors,...ng dmeventd or progress polling.
[[0;32m  OK  [0m] Started Apply Kernel Variables.
[[0;32m  OK  [0m] Started udev Coldplug all Devices.
[[0;32m  OK  [0m] Started Flush Journal to Persistent Storage.
         Starting udev Kernel Device Manager...
[[0;32m  OK  [0m] Reached target Local File Systems (Pre).
[[0;32m  OK  [0m] Reached target Local File Systems.
         Starting Tell Plymouth To Write Out Runtime Data...
         Starting LSB: AppArmor initialization...
         Starting Create Volatile Files and Directories...
         Starting Set console font and keymap...
         Starting Initial cloud-init job (pre-networking)...
[[0;32m  OK  [0m] Started udev Kernel Device Manager.
[[0;32m  OK  [0m] Started Tell Plymouth To Write Out Runtime Data.
[[0;32m  OK  [0m] Started Create Volatile Files and Directories.
[[0;32m  OK  [0m] Found device /dev/ttyS0.
[[0;32m  OK  [0m] Listening on Load/Save RF Kill Switch Status /dev/rfkill Watch.
         Starting Update UTMP about System Boot/Shutdown...
[[0;32m  OK  [0m] Started Dispatch Password Requests to Console Directory Watch.
[[0;32m  OK  [0m] Started LSB: AppArmor initialization.
[[0;32m  OK  [0m] Started Set console font and keymap.
[[0;32m  OK  [0m] Found device 82540EM Gigabit Ethern...r (PRO/1000 MT Desktop Adapter).
[   24.950227] cloud-init[662]: Cloud-init v. 18.4-0ubuntu1~16.04.2 running 'init-local' at Sun, 06 Jan 2019 09:22:57 +0000. Up 24.71 seconds.
[[0;32m  OK  [0m] Started Update UTMP about System Boot/Shutdown.
[[0;32m  OK  [0m] Started Initial cloud-init job (pre-networking).
[[0;32m  OK  [0m] Reached target Network (Pre).
[[0;32m  OK  [0m] Created slice system-getty.slice.
[[0;32m  OK  [0m] Started ifup for enp0s3.
         Starting Raise network interfaces...
[[0;32m  OK  [0m] Started ifup for enp0s8.
[[0;32m  OK  [0m] Started Raise network interfaces.
[[0;32m  OK  [0m] Reached target Network.
         Starting Initial cloud-init job (metadata service crawler)...
[   26.251905] cloud-init[1070]: Cloud-init v. 18.4-0ubuntu1~16.04.2 running 'init' at Sun, 06 Jan 2019 09:22:58 +0000. Up 26.00 seconds.
[   26.380589] cloud-init[1070]: ci-info: ++++++++++++++++++++++++++++++++++++++Net device info+++++++++++++++++++++++++++++++++++++++
[[0;32m  OK  [0m] Started Initial cloud-init job (metadata service crawler).
[[0;32m  OK  [0m] Reached target System Initialization.
[   26.502580] cloud-init[1070]: ci-info: +--------+------+-----------------------------+---------------+--------+-------------------+
[   26.808211] cloud-init[1070]: ci-info: | Device |  Up  |           Address           |      Mask     | Scope  |     Hw-Address    |
[[0;32m  OK  [0m] Listening on ACPID Listen Socket.
[   26.962312] cloud-init[1070]: ci-info: +--------+------+-----------------------------+---------------+--------+-------------------+
[   27.172500] cloud-init[1070]: ci-info: | enp0s3 | True |          10.0.2.15          | 255.255.255.0 | global | 02:44:d1:47:4b:d5 |
[   27.316533] cloud-init[1070]: ci-info: | enp0s3 | True |  fe80::44:d1ff:fe47:4bd5/64 |       .       |  link  | 02:44:d1:47:4b:d5 |
[[0;32m  OK  [0m] Started ACPI Events Check.
[[0;32m  OK  [0m] Reached target Paths.
[   27.450598] cloud-init[1070]: ci-info: | enp0s8 | True |        192.168.83.137       | 255.255.255.0 | global | 08:00:27:39:d3:7d |
[   27.624560] cloud-init[1070]: ci-info: | enp0s8 | True | fe80::a00:27ff:fe39:d37d/64 |       .       |  link  | 08:00:27:39:d3:7d |
[[0;32m  OK  [0m] Started Daily apt download activities.
         Starting Socket activation for snappy daemon.
[   27.718102] cloud-init[1070]: ci-info: |   lo   | True |          127.0.0.1          |   255.0.0.0   |  host  |         .         |
[   27.988711] cloud-init[1070]: ci-info: |   lo   | True |           ::1/128           |       .       |  host  |         .         |
[[0;32m  OK  [0m] Started Daily apt upgrade and clean activities.
[   28.138155] cloud-init[1070]: ci-info: +--------+------+-----------------------------+---------------+--------+-------------------+
[   28.356436] cloud-init[1070]: ci-info: ++++++++++++++++++++++++++++Route IPv4 info++++++++++++++++++++++++++++
[   28.456237] cloud-init[1070]: ci-info: +-------+--------------+----------+---------------+-----------+-------+
         Starting LXD - unix socket.
[[0;32m  OK  [0m] Listening on UUID daemon activation socket.
[   28.573983] cloud-init[1070]: ci-info: | Route | Destination  | Gateway  |    Genmask    | Interface | Flags |
[   28.800850] cloud-init[1070]: ci-info: +-------+--------------+----------+---------------+-----------+-------+
[[0;32m  OK  [0m] Listening on D-Bus System Message Bus Socket.
[[0;32m  OK  [0m] Started Daily Cleanup of Temporary Directories.
[   28.902501] cloud-init[1070]: ci-info: |   0   |   0.0.0.0    | 10.0.2.2 |    0.0.0.0    |   enp0s3  |   UG  |
[   29.180552] cloud-init[1070]: ci-info: |   1   |   10.0.2.0   | 0.0.0.0  | 255.255.255.0 |   enp0s3  |   U   |
[[0;32m  OK  [0m] Reached target Timers.
[[0;32m  OK  [0m] Reached target Network is Online.
[   29.282593] cloud-init[1070]: ci-info: |   2   | 192.168.83.0 | 0.0.0.0  | 255.255.255.0 |   enp0s8  |   U   |
[   29.481710] cloud-init[1070]: ci-info: +-------+--------------+----------+---------------+-----------+-------+
[   29.549194] cloud-init[1070]: ci-info: +++++++++++++++++++Route IPv6 info+++++++++++++++++++
[   29.620540] cloud-init[1070]: ci-info: +-------+-------------+---------+-----------+-------+
         Starting iSCSI initiator daemon (iscsid)...
[[0;32m  OK  [0m] Reached target Cloud-config availability.
[   29.726673] cloud-init[1070]: ci-info: | Route | Destination | Gateway | Interface | Flags |
[   29.956289] cloud-init[1070]: ci-info: +-------+-------------+---------+-----------+-------+
[   30.060189] cloud-init[1070]: ci-info: |   0   |  fe80::/64  |    ::   |   enp0s3  |   U   |
[[0;32m  OK  [0m] Listening on Socket activation for snappy daemon.
[[0;32m  OK  [0m] Listening on LXD - unix socket.
[   30.174030] cloud-init[1070]: ci-info: |   1   |  fe80::/64  |    ::   |   enp0s8  |   U   |
[   30.380549] cloud-init[1070]: ci-info: |   4   |   ff00::/8  |    ::   |   enp0s3  |   U   |
[   30.404878] cloud-init[1070]: ci-info: |   5   |   ff00::/8  |    ::   |   enp0s8  |   U   |
[   30.492630] cloud-init[1070]: ci-info: +-------+-------------+---------+-----------+-------+
[[0;32m  OK  [0m] Started iSCSI initiator daemon (iscsid).
         Starting Login to default iSCSI targets...
[[0;32m  OK  [0m] Reached target Sockets.
[[0;32m  OK  [0m] Reached target Basic System.
[[0;32m  OK  [0m] Started Deferred execution scheduler.
         Starting Accounts Service...
         Starting System Logging Service...
         Starting LXD - container startup/shutdown...
[[0;32m  OK  [0m] Started ACPI event daemon.
         Starting LSB: MD monitoring daemon...
         Starting LSB: Record successful boot for GRUB...
[[0;32m  OK  [0m] Started Regular background program processing daemon.
[[0;32m  OK  [0m] Started Unattended Upgrades Shutdown.
         Starting OpenBSD Secure Shell server...
         Starting Virtualbox guest utils...
         Starting Login Service...
[[0;32m  OK  [0m] Started FUSE filesystem for LXC.
         Starting /etc/rc.local Compatibility...
[[0;32m  OK  [0m] Started D-Bus System Message Bus.
         Starting Snappy daemon...
[[0;32m  OK  [0m] Started System Logging Service.
[[0;32m  OK  [0m] Started LXD - container startup/shutdown.
[[0;32m  OK  [0m] Started /etc/rc.local Compatibility.
[[0;32m  OK  [0m] Started Snappy daemon.
[[0;32m  OK  [0m] Started OpenBSD Secure Shell server.
[[0;32m  OK  [0m] Started Login to default iSCSI targets.
[[0;32m  OK  [0m] Started LSB: MD monitoring daemon.
[[0;32m  OK  [0m] Started LSB: Record successful boot for GRUB.
[[0;32m  OK  [0m] Started Virtualbox guest utils.
[[0;32m  OK  [0m] Started Login Service.
         Starting Authenticate and Authorize Users to Run Privileged Tasks...
[[0;32m  OK  [0m] Reached target Remote File Systems (Pre).
[[0;32m  OK  [0m] Reached target Remote File Systems.
         Starting Permit User Sessions...
         Starting LSB: Apache2 web server...
         Starting LSB: daemon to balance interrupts for SMP systems...
         Starting LSB: Set the CPU Frequency Scaling governor to "ondemand"...
         Starting LSB: automatic crash report generation...
         Starting LSB: Start and stop the mysql database server daemon...
         Starting Wait until snapd is fully seeded...
[[0;32m  OK  [0m] Started Permit User Sessions.
[[0;32m  OK  [0m] Started Wait until snapd is fully seeded.
[[0;32m  OK  [0m] Started Authenticate and Authorize Users to Run Privileged Tasks.
[[0;32m  OK  [0m] Started Accounts Service.
[[0;32m  OK  [0m] Started LSB: daemon to balance interrupts for SMP systems.
[[0;32m  OK  [0m] Started LSB: Set the CPU Frequency Scaling governor to "ondemand".
[[0;32m  OK  [0m] Started LSB: automatic crash report generation.
[[0;32m  OK  [0m] Created slice User Slice of vagrant.
[[0;32m  OK  [0m] Started Session 1 of user vagrant.
         Starting User Manager for UID 1000...
         Starting Apply the settings specified in cloud-config...
         Starting Terminate Plymouth Boot Screen...
         Starting Hold until boot process finishes up...
[[0;32m  OK  [0m] Started User Manager for UID 1000.
[[0;32m  OK  [0m] Started Terminate Plymouth Boot Screen.
[[0;32m  OK  [0m] Started Hold until boot process finishes up.
[[0;32m  OK  [0m] Started Serial Getty on ttyS0.
[[0;32m  OK  [0m] Started Getty on tty1.
[[0;32m  OK  [0m] Reached target Login Prompts.
         Starting Set console scheme...
[[0;32m  OK  [0m] Started LSB: Apache2 web server.
[[0;32m  OK  [0m] Started Set console scheme.
[[0;32m  OK  [0m] Started Apply the settings specified in cloud-config.
[   34.146580] cloud-init[1394]: Cloud-init v. 18.4-0ubuntu1~16.04.2 running 'modules:config' at Sun, 06 Jan 2019 09:23:06 +0000. Up 34.00 seconds.
[[0;32m  OK  [0m] Started LSB: Start and stop the mysql database server daemon.
[[0;32m  OK  [0m] Reached target Multi-User System.
         Starting Execute cloud user/final scripts...
[[0;32m  OK  [0m] Reached target Graphical Interface.
         Starting Update UTMP about System Runlevel Changes...
[[0;32m  OK  [0m] Started Update UTMP about System Runlevel Changes.
[   35.000547] cloud-init[1698]: Cloud-init v. 18.4-0ubuntu1~16.04.2 running 'modules:final' at Sun, 06 Jan 2019 09:23:07 +0000. Up 34.89 seconds.
[[0;32m  OK  [0m] Started Execute cloud user/final scripts.
[   35.175714] cloud-init[1698]: Cloud-init v. 18.4-0ubuntu1~16.04.2 finished at Sun, 06 Jan 2019 09:23:07 +0000. Datasource DataSourceNoCloud [seed=/dev/sdb][dsmode=net].  Up 34.99 seconds
         Starting Daily apt download activities...
[[0;32m  OK  [0m] Reached target Cloud-init target.

Ubuntu 16.04.5 LTS kouosl ttyS0

kouosl login: [[0;32m  OK  [0m] e         Stopping System Logging Service...
         Stopping D-Bus System Message Bus...
         Stopping OpenBSD Secure Shell server...
         Stopping Unattended Upgrades Shutdown...
[[0;32m  OK  [0m] Stopped Apply the settings specified in cloud-config.
[[0;32m  OK  [0m] Stopped Wait until snapd is fully seeded.
         Stopping Snappy daemon...
[[0;32m  OK  [0m] Stopped target Cloud-config availability.
         Stopping LSB: Start and stop the mysql database server daemon...
[[0;32m  OK  [0m] Unmounted /var/lib/lxcfs.
[[0;32m  OK  [0m] Stopped Deferred execution scheduler.
[[0;32m  OK  [0m] Stopped Accounts Service.
[[0;32m  OK  [0m] Stopped System Logging Service.
[[0;32m  OK  [0m] Stopped ACPI event daemon.
[[0;32m  OK  [0m] Stopped Regular background program processing daemon.
[[0;32m  OK  [0m] Stopped Snappy daemon.
[[0;32m  OK  [0m] Stopped OpenBSD Secure Shell server.
[[0;32m  OK  [0m] Stopped Authenticate and Authorize Users to Run Privileged Tasks.
[[0;32m  OK  [0m] Stopped Serial Getty on ttyS0.
[[0;32m  OK  [0m] Stopped Getty on tty1.
[[0;32m  OK  [0m] Stopped User Manager for UID 1000.
[[0;32m  OK  [0m] Stopped Session 25 of user vagrant.
[[0;32m  OK  [0m] Stopped D-Bus System Message Bus.
[[0;32m  OK  [0m] Stopped Unattended Upgrades Shutdown.
[[0;32m  OK  [0m] Stopped FUSE filesystem for LXC.
[[0;32m  OK  [0m] Stopped LXD - container startup/shutdown.
[[0;32m  OK  [0m] Stopped LSB: Set the CPU Frequency Scaling governor to "ondemand".
[[0;32m  OK  [0m] Stopped LSB: daemon to balance interrupts for SMP systems.
[[0;32m  OK  [0m] Stopped LSB: automatic crash report generation.
[[0;32m  OK  [0m] Stopped LSB: MD monitoring daemon.
[[0;32m  OK  [0m] Stopped LSB: Record successful boot for GRUB.
[[0;32m  OK  [0m] Stopped Virtualbox guest utils.
[[0;32m  OK  [0m] Removed slice User Slice of vagrant.
         Stopping Login Service...
[[0;32m  OK  [0m] Removed slice system-getty.slice.
[[0;32m  OK  [0m] Stopped /etc/rc.local Compatibility.
[[0;32m  OK  [0m] Removed slice system-serial\x2dgetty.slice.
         Stopping Permit User Sessions...
[[0;32m  OK  [0m] Stopped Login Service.
[[0;32m  OK  [0m] Stopped Permit User Sessions.
[[0;32m  OK  [0m] Stopped target User and Group Name Lookups.
[[0;32m  OK  [0m] Stopped LSB: Apache2 web server.
[[0;32m  OK  [0m] Stopped LSB: Start and stop the mysql database server daemon.
[[0;32m  OK  [0m] Stopped target Remote File Systems.
[[0;32m  OK  [0m] Stopped target Remote File Systems (Pre).
         Stopping Login to default iSCSI targets...
[[0;32m  OK  [0m] Stopped target System Time Synchronized.
[[0;32m  OK  [0m] Stopped target Basic System.
[[0;32m  OK  [0m] Stopped target Sockets.
[[0;32m  OK  [0m] Closed ACPID Listen Socket.
[[0;32m  OK  [0m] Closed LXD - unix socket.
[[0;32m  OK  [0m] Closed Socket activation for snappy daemon.
[[0;32m  OK  [0m] Closed UUID daemon activation socket.
[[0;32m  OK  [0m] Closed D-Bus System Message Bus Socket.
[[0;32m  OK  [0m] Closed Syslog Socket.
[[0;32m  OK  [0m] Stopped target Slices.
[[0;32m  OK  [0m] Removed slice User and Session Slice.
[[0;32m  OK  [0m] Stopped target Paths.
[[0;32m  OK  [0m] Stopped ACPI Events Check.
[[0;32m  OK  [0m] Stopped Dispatch Password Requests to Console Directory Watch.
[[0;32m  OK  [0m] Stopped Forward Password Requests to Wall Directory Watch.
[[0;32m  OK  [0m] Stopped target System Initialization.
[[0;32m  OK  [0m] Stopped target Swap.
         Stopping Load/Save Random Seed...
         Stopping Update UTMP about System Boot/Shutdown...
[[0;32m  OK  [0m] Stopped target Encrypted Volumes.
[[0;32m  OK  [0m] Stopped Load/Save Random Seed.
[[0;32m  OK  [0m] Stopped Login to default iSCSI targets.
[[0;32m  OK  [0m] Stopped Update UTMP about System Boot/Shutdown.
[[0;32m  OK  [0m] Stopped Create Volatile Files and Directories.
         Stopping iSCSI initiator daemon (iscsid)...
[[0;32m  OK  [0m] Stopped iSCSI initiator daemon (iscsid).
[[0;32m  OK  [0m] Stopped target Network is Online.
[[0;32m  OK  [0m] Stopped Initial cloud-init job (metadata service crawler).
[[0;32m  OK  [0m] Stopped target Network.
         Stopping Raise network interfaces...
[[0;32m  OK  [0m] Stopped Raise network interfaces.
[[0;32m  OK  [0m] Stopped target Network (Pre).
[[0;32m  OK  [0m] Stopped Initial cloud-init job (pre-networking).
[[0;32m  OK  [0m] Stopped target Local File Systems.
         Unmounting /run/user/1000...
         Unmounting /var/www/portal...
[[0;32m  OK  [0m] Stopped Apply Kernel Variables.
[[0;32m  OK  [0m] Stopped Load Kernel Modules.
[[0;32m  OK  [0m] Unmounted /run/user/1000.
[[0;32m  OK  [0m] Unmounted /var/www/portal.
[[0;32m  OK  [0m] Reached target Unmount All Filesystems.
[[0;32m  OK  [0m] Stopped target Local File Systems (Pre).
         Stopping Monitoring of LVM2 mirrors... dmeventd or progress polling...
[[0;32m  OK  [0m] Stopped Create Static Device Nodes in /dev.
[[0;32m  OK  [0m] Stopped Remount Root and Kernel File Systems.
[[0;32m  OK  [0m] Reached target Shutdown.
[27365.826062] reboot: Power down